C:\Users\Fajar Ridwan.FAJAR\Documents\Skilvul\git-basic>mkdir Fajar-Ridwan-Sidik

C:\Users\Fajar Ridwan.FAJAR\Documents\Skilvul\git-basic>cd Fajar-Ridwan-Sidik

C:\Users\Fajar Ridwan.FAJAR\Documents\Skilvul\git-basic\Fajar-Ridwan-Sidik>copy con README.md
Halo Perkenalkan Aku Halaman Utama
^Z
        1 file(s) copied.

C:\Users\Fajar Ridwan.FAJAR\Documents\Skilvul\git-basic\Fajar-Ridwan-Sidik>Get Log
'Get' is not recognized as an internal or external command,
operable program or batch file.

C:\Users\Fajar Ridwan.FAJAR\Documents\Skilvul\git-basic\Fajar-Ridwan-Sidik>Git Status
fatal: cannot handle Status as a builtin

C:\Users\Fajar Ridwan.FAJAR\Documents\Skilvul\git-basic\Fajar-Ridwan-Sidik>git init.
git: 'init.' is not a git command. See 'git --help'.

The most similar command is
        init

C:\Users\Fajar Ridwan.FAJAR\Documents\Skilvul\git-basic\Fajar-Ridwan-Sidik>git init .
Initialized empty Git repository in C:/Users/Fajar Ridwan.FAJAR/Documents/Skilvul/git-basic/Fajar-Ridwan-Sidik/.git/

C:\Users\Fajar Ridwan.FAJAR\Documents\Skilvul\git-basic\Fajar-Ridwan-Sidik>git status
On branch master

No commits yet

Untracked files:
  (use "git add <file>..." to include in what will be committed)
        README.md

nothing added to commit but untracked files present (use "git add" to track)

C:\Users\Fajar Ridwan.FAJAR\Documents\Skilvul\git-basic\Fajar-Ridwan-Sidik>git add README.md

C:\Users\Fajar Ridwan.FAJAR\Documents\Skilvul\git-basic\Fajar-Ridwan-Sidik>git commit -m "Inisiasi Git Repository"
[master (root-commit) bb871b4] Inisiasi Git Repository
 1 file changed, 1 insertion(+)
 create mode 100644 README.md

C:\Users\Fajar Ridwan.FAJAR\Documents\Skilvul\git-basic\Fajar-Ridwan-Sidik>git branch cv

C:\Users\Fajar Ridwan.FAJAR\Documents\Skilvul\git-basic\Fajar-Ridwan-Sidik>git branch
  cv
* master

C:\Users\Fajar Ridwan.FAJAR\Documents\Skilvul\git-basic\Fajar-Ridwan-Sidik>git chechkout cv
git: 'chechkout' is not a git command. See 'git --help'.

The most similar command is
        checkout

C:\Users\Fajar Ridwan.FAJAR\Documents\Skilvul\git-basic\Fajar-Ridwan-Sidik>git checkout cv
Switched to branch 'cv'

C:\Users\Fajar Ridwan.FAJAR\Documents\Skilvul\git-basic\Fajar-Ridwan-Sidik>git commit -m "Ini adalah file.cv"
On branch cv
nothing to commit, working tree clean

C:\Users\Fajar Ridwan.FAJAR\Documents\Skilvul\git-basic\Fajar-Ridwan-Sidik>git init .
Reinitialized existing Git repository in C:/Users/Fajar Ridwan.FAJAR/Documents/Skilvul/git-basic/Fajar-Ridwan-Sidik/.git/

C:\Users\Fajar Ridwan.FAJAR\Documents\Skilvul\git-basic\Fajar-Ridwan-Sidik>copy con cv.txt
^Z
        1 file(s) copied.

C:\Users\Fajar Ridwan.FAJAR\Documents\Skilvul\git-basic\Fajar-Ridwan-Sidik>inisiasi cv
'inisiasi' is not recognized as an internal or external command,
operable program or batch file.

C:\Users\Fajar Ridwan.FAJAR\Documents\Skilvul\git-basic\Fajar-Ridwan-Sidik>Git Init Cv
fatal: cannot handle Init as a builtin

C:\Users\Fajar Ridwan.FAJAR\Documents\Skilvul\git-basic\Fajar-Ridwan-Sidik>git status
On branch cv
Untracked files:
  (use "git add <file>..." to include in what will be committed)
        cv.txt

nothing added to commit but untracked files present (use "git add" to track)

C:\Users\Fajar Ridwan.FAJAR\Documents\Skilvul\git-basic\Fajar-Ridwan-Sidik>git add cv.txt

C:\Users\Fajar Ridwan.FAJAR\Documents\Skilvul\git-basic\Fajar-Ridwan-Sidik>git commit -m "Insisiasi CV"
[cv 10ed30f] Insisiasi CV
 1 file changed, 0 insertions(+), 0 deletions(-)
 create mode 100644 cv.txt

C:\Users\Fajar Ridwan.FAJAR\Documents\Skilvul\git-basic\Fajar-Ridwan-Sidik>git commit -a "Google"
fatal: paths 'Google ...' with -a does not make sense

C:\Users\Fajar Ridwan.FAJAR\Documents\Skilvul\git-basic\Fajar-Ridwan-Sidik>git commit -m "Google"
On branch cv
nothing to commit, working tree clean

C:\Users\Fajar Ridwan.FAJAR\Documents\Skilvul\git-basic\Fajar-Ridwan-Sidik>git init cv
Initialized empty Git repository in C:/Users/Fajar Ridwan.FAJAR/Documents/Skilvul/git-basic/Fajar-Ridwan-Sidik/cv/.git/

C:\Users\Fajar Ridwan.FAJAR\Documents\Skilvul\git-basic\Fajar-Ridwan-Sidik>git add cv.txt

C:\Users\Fajar Ridwan.FAJAR\Documents\Skilvul\git-basic\Fajar-Ridwan-Sidik>git commit -m "Chrome"
On branch cv
Untracked files:
  (use "git add <file>..." to include in what will be committed)
        cv/

nothing added to commit but untracked files present (use "git add" to track)

C:\Users\Fajar Ridwan.FAJAR\Documents\Skilvul\git-basic\Fajar-Ridwan-Sidik>git commit -m "tokped"
On branch cv
Untracked files:
  (use "git add <file>..." to include in what will be committed)
        cv/

nothing added to commit but untracked files present (use "git add" to track)

C:\Users\Fajar Ridwan.FAJAR\Documents\Skilvul\git-basic\Fajar-Ridwan-Sidik>git commit -m "shopee"
On branch cv
Untracked files:
  (use "git add <file>..." to include in what will be committed)
        cv/

nothing added to commit but untracked files present (use "git add" to track)

C:\Users\Fajar Ridwan.FAJAR\Documents\Skilvul\git-basic\Fajar-Ridwan-Sidik>git commit -m "update master utama"
On branch cv
Untracked files:
  (use "git add <file>..." to include in what will be committed)
        cv/

nothing added to commit but untracked files present (use "git add" to track)

C:\Users\Fajar Ridwan.FAJAR\Documents\Skilvul\git-basic\Fajar-Ridwan-Sidik>git merge
fatal: No remote for the current branch.

C:\Users\Fajar Ridwan.FAJAR\Documents\Skilvul\git-basic\Fajar-Ridwan-Sidik>git branch cv
fatal: A branch named 'cv' already exists.

C:\Users\Fajar Ridwan.FAJAR\Documents\Skilvul\git-basic\Fajar-Ridwan-Sidik>git status
On branch cv
Untracked files:
  (use "git add <file>..." to include in what will be committed)
        cv/

nothing added to commit but untracked files present (use "git add" to track)

C:\Users\Fajar Ridwan.FAJAR\Documents\Skilvul\git-basic\Fajar-Ridwan-Sidik>git add README.md

C:\Users\Fajar Ridwan.FAJAR\Documents\Skilvul\git-basic\Fajar-Ridwan-Sidik>git commit -m"Halo Perkenelkan aku halaman utama"
On branch cv
Untracked files:
  (use "git add <file>..." to include in what will be committed)
        cv/

nothing added to commit but untracked files present (use "git add" to track)

C:\Users\Fajar Ridwan.FAJAR\Documents\Skilvul\git-basic\Fajar-Ridwan-Sidik>git commit -m "ini adalah update pertama pada branch master"
On branch cv
Untracked files:
  (use "git add <file>..." to include in what will be committed)
        cv/

nothing added to commit but untracked files present (use "git add" to track)

C:\Users\Fajar Ridwan.FAJAR\Documents\Skilvul\git-basic\Fajar-Ridwan-Sidik>git commit -m "update master pertama"
On branch cv
Untracked files:
  (use "git add <file>..." to include in what will be committed)
        cv/

nothing added to commit but untracked files present (use "git add" to track)

C:\Users\Fajar Ridwan.FAJAR\Documents\Skilvul\git-basic\Fajar-Ridwan-Sidik>merge branch cv
'merge' is not recognized as an internal or external command,
operable program or batch file.

C:\Users\Fajar Ridwan.FAJAR\Documents\Skilvul\git-basic\Fajar-Ridwan-Sidik>gir checkout master
'gir' is not recognized as an internal or external command,
operable program or batch file.

C:\Users\Fajar Ridwan.FAJAR\Documents\Skilvul\git-basic\Fajar-Ridwan-Sidik>git checkout master
Switched to branch 'master'

C:\Users\Fajar Ridwan.FAJAR\Documents\Skilvul\git-basic\Fajar-Ridwan-Sidik>git merge cv
Updating bb871b4..10ed30f
Fast-forward
 cv.txt | 0
 1 file changed, 0 insertions(+), 0 deletions(-)
 create mode 100644 cv.txt

C:\Users\Fajar Ridwan.FAJAR\Documents\Skilvul\git-basic\Fajar-Ridwan-Sidik>git push -u origin master
fatal: 'origin' does not appear to be a git repository
fatal: Could not read from remote repository.

Please make sure you have the correct access rights
and the repository exists.

C:\Users\Fajar Ridwan.FAJAR\Documents\Skilvul\git-basic\Fajar-Ridwan-Sidik>git remote add origin https://github.com/Fajar7574/git-basic.git

C:\Users\Fajar Ridwan.FAJAR\Documents\Skilvul\git-basic\Fajar-Ridwan-Sidik>git push -u origin master
info: please complete authentication in your browser...
Enumerating objects: 6, done.
Counting objects: 100% (6/6), done.
Delta compression using up to 4 threads
Compressing objects: 100% (3/3), done.
Writing objects: 100% (6/6), 516 bytes | 30.00 KiB/s, done.
Total 6 (delta 0), reused 0 (delta 0), pack-reused 0
remote:
remote: Create a pull request for 'master' on GitHub by visiting:
remote:      https://github.com/Fajar7574/git-basic/pull/new/master
remote:
To https://github.com/Fajar7574/git-basic.git
 * [new branch]      master -> master
Branch 'master' set up to track remote branch 'master' from 'origin'.

C:\Users\Fajar Ridwan.FAJAR\Documents\Skilvul\git-basic\Fajar-Ridwan-Sidik>
